Task added successfully
1. incomplete; task 1; -; -; -
Task added successfully
1. incomplete; task 1; -; -; -
2. incomplete; task 2; -; -; -
Task added successfully
1. incomplete; task 1; -; -; -
2. incomplete; task 2; -; -; -
3. incomplete; task 3; -; -; -
Task added successfully
1. incomplete; task 1; -; -; -
2. incomplete; task 2; -; -; -
3. incomplete; task 3; -; -; -
4. incomplete; task 4; -; -; -
Task added successfully
1. incomplete; task 1; -; -; -
2. incomplete; task 2; -; -; -
3. incomplete; task 3; -; -; -
4. incomplete; task 4; -; -; -
5. incomplete; task 5; -; -; -
Task added successfully
1. incomplete; task 1; -; -; -
2. incomplete; task 2; -; -; -
3. incomplete; task 3; -; -; -
4. incomplete; task 4; -; -; -
5. incomplete; task 5; -; -; -
6. incomplete; task 6; -; -; -
Task added successfully
1. incomplete; task 1; -; -; -
2. incomplete; task 2; -; -; -
3. incomplete; task 3; -; -; -
4. incomplete; task 4; -; -; -
5. incomplete; task 5; -; -; -
6. incomplete; task 6; -; -; -
7. incomplete; task 7; -; -; -
Task added successfully
1. incomplete; task 1; -; -; -
2. incomplete; task 2; -; -; -
3. incomplete; task 3; -; -; -
4. incomplete; task 4; -; -; -
5. incomplete; task 5; -; -; -
6. incomplete; task 6; -; -; -
7. incomplete; task 7; -; -; -
8. incomplete; task 8; -; -; -
Task added successfully
1. incomplete; task 1; -; -; -
2. incomplete; task 2; -; -; -
3. incomplete; task 3; -; -; -
4. incomplete; task 4; -; -; -
5. incomplete; task 5; -; -; -
6. incomplete; task 6; -; -; -
7. incomplete; task 7; -; -; -
8. incomplete; task 8; -; -; -
9. incomplete; task 9; -; -; -
Task added successfully
1. incomplete; task 10; 06 Apr 14:00; -; -
2. incomplete; task 1; -; -; -
3. incomplete; task 2; -; -; -
4. incomplete; task 3; -; -; -
5. incomplete; task 4; -; -; -
6. incomplete; task 5; -; -; -
7. incomplete; task 6; -; -; -
8. incomplete; task 7; -; -; -
9. incomplete; task 8; -; -; -
10. incomplete; task 9; -; -; -
Task added successfully
1. incomplete; task 10; 06 Apr 14:00; -; -
2. incomplete; task 11; 28 Apr 23:12; 29 Apr 23:12; -
3. incomplete; task 1; -; -; -
4. incomplete; task 2; -; -; -
5. incomplete; task 3; -; -; -
6. incomplete; task 4; -; -; -
7. incomplete; task 5; -; -; -
8. incomplete; task 6; -; -; -
9. incomplete; task 7; -; -; -
10. incomplete; task 8; -; -; -
11. incomplete; task 9; -; -; -
Task added successfully
1. incomplete; task 10; 06 Apr 14:00; -; -
2. incomplete; task 12; 27 Apr 15:00; -; -
3. incomplete; task 11; 28 Apr 23:12; 29 Apr 23:12; -
4. incomplete; task 1; -; -; -
5. incomplete; task 2; -; -; -
6. incomplete; task 3; -; -; -
7. incomplete; task 4; -; -; -
8. incomplete; task 5; -; -; -
9. incomplete; task 6; -; -; -
10. incomplete; task 7; -; -; -
11. incomplete; task 8; -; -; -
12. incomplete; task 9; -; -; -
Task added successfully
1. incomplete; task 10; 06 Apr 14:00; -; -
2. incomplete; task 13; 26 Apr 15:00; 26 Apr 17:00; -
3. incomplete; task 12; 27 Apr 15:00; -; -
4. incomplete; task 11; 28 Apr 23:12; 29 Apr 23:12; -
5. incomplete; task 1; -; -; -
6. incomplete; task 2; -; -; -
7. incomplete; task 3; -; -; -
8. incomplete; task 4; -; -; -
9. incomplete; task 5; -; -; -
10. incomplete; task 6; -; -; -
11. incomplete; task 7; -; -; -
12. incomplete; task 8; -; -; -
13. incomplete; task 9; -; -; -
Task added successfully
1. incomplete; task 10; 06 Apr 14:00; -; -
2. incomplete; task 14; 24 Apr 16:00; 25 Apr 18:00; -
3. incomplete; task 13; 26 Apr 15:00; 26 Apr 17:00; -
4. incomplete; task 12; 27 Apr 15:00; -; -
5. incomplete; task 11; 28 Apr 23:12; 29 Apr 23:12; -
6. incomplete; task 1; -; -; -
7. incomplete; task 2; -; -; -
8. incomplete; task 3; -; -; -
9. incomplete; task 4; -; -; -
10. incomplete; task 5; -; -; -
11. incomplete; task 6; -; -; -
12. incomplete; task 7; -; -; -
13. incomplete; task 8; -; -; -
14. incomplete; task 9; -; -; -
