Task added successfully: eat dinner  Once
1. incomplete; eat dinner; -; -; Once
Task edited: eat dinner  Once
1. incomplete; eat dinner; -; -; Once